C51 COMPILER V9.56.0.0   MAIN                                                              04/23/2018 22:30:41 PAGE 1   


C51 COMPILER V9.56.0.0, COMPILATION OF MODULE MAIN
OBJECT MODULE PLACED IN \\192.168.2.201\Users\zhongzuan\main.obj
COMPILER INVOKED BY: D:\Program Files (x86)\Keil_v5\C51\BIN\C51.EXE main.c OPTIMIZE(8,SPEED) BROWSE INCDIR(..\Lib;..\Lib
                    -\inc;..\Lib\src;..\sourses) DEBUG OBJECTEXTEND PRINT(.\Listings\main.lst) TABS(2) OBJECT(\\192.168.2.201\Users\zhongzuan
                    -\main.obj)

line level    source

   1          #include "common.h"
   2          #include "oled.h"
   3          
   4          #include "Display.h"
   5          #include "Timer.h"
   6          #include "Uart.h"
   7          #include "MAX30100.h"
   8          #include "MSTP.h"
   9          
  10          #define refreashDisplay()  preHourH=Hour/10;preMinuteH=Minute/10; displayHoursH(preHourH);displayHoursL(Ho
             -ur%10);displayMinuteH(preMinuteH);displayMinuteL(Minute%10);\
  11                        displayIcon_Battery(2,0xff);displayIcon_Bluetooth(0x00)
  12          
  13          
  14          #define DEBUG
  15          //#include "Power.h"
  16          
  17          unsigned char xdata SMode=0;
  18          
  19          enum FucState
  20          {
  21            TimeMode=1,
  22            HeartRateMode,
  23            StepMode
  24          };
  25          
  26          void main()
  27          {
  28   1        pack tmpPack;
  29   1        unsigned char tmpCnt[6]=0;
  30   1        unsigned char ID=0 ;
  31   1      
  32   1        P_SW2=0xb0;
  33   1        I2CCFG=0xe0;
  34   1        I2CMSST=0x00;
  35   1      
  36   1        // MAX30100_startTemperatureSampling();
  37   1        
  38   1        //  powerInit();
  39   1      
  40   1        //Timer0Init();
  41   1        SMode=TimeMode;
  42   1      
  43   1        // MAX30100_writeRegister(0x06,0x0b);
  44   1        // MAX30100_writeRegister(0x01,0xf0);
  45   1        // MAX30100_writeRegister(0x09,0x33);
  46   1      
  47   1        
  48   1        Uart2Init();
  49   1        Timer0Init();
  50   1      
  51   1        MAX30100_Init();
  52   1        shutdown();
C51 COMPILER V9.56.0.0   MAIN                                                              04/23/2018 22:30:41 PAGE 2   

  53   1        OLED_Init();
  54   1      
  55   1        displayHoursH(0);
  56   1        displayColon(0xff);
  57   1        displayMinuteH(0);
  58   1        displayIcon_Battery(2,0xff);
  59   1        displayIcon_Bluetooth(0x00);
  60   1      
  61   1        Uart2_SendStr("Started!\n");
  62   1        
  63   1      
  64   1      
  65   1      
  66   1        while(1)
  67   1        {
  68   2      
  69   2      
  70   2          while(SMode==TimeMode)
  71   2          {
  72   3            // if(Rptr!=Wptr)
  73   3            // {
  74   3            //  Uart2SendChar(buffer[Rptr++]);
  75   3            //  Rptr&=0x09;
  76   3            // }
  77   3            
  78   3      
  79   3            if(bDataComplete)
  80   3            {
  81   4              bDataComplete=0;
  82   4      
  83   4              if(CheckPack(buffer))   //CheckPack(buffer)
  84   4              {
  85   5                #ifdef DEBUG
  86   5                sendPack(&buffer[0]);
  87   5                #endif
  88   5                switch(buffer[0])
  89   5                {
  90   6                  case 0x00 : switch(buffer[2])
  91   6                          {
  92   7                            case 0x02:  //进入心率模式
  93   7                                  resume(); SMode=HeartRateMode;displayHRmodeIcon();
  94   7                                  MAX30100_writeRegister(0x06,0x0b);
  95   7                                  MAX30100_writeRegister(0x01,0xf0);
  96   7                                  MAX30100_writeRegister(0x09,0x33);
  97   7                                   break;
  98   7                            case 0x03:  //校准时间
  99   7                                  Hour=buffer[3]; Minute=buffer[4];Second=buffer[5];TickCount=0;
 100   7                                  refreashDisplay();
 101   7                                  break;
 102   7                            
 103   7                            default : break;
 104   7                          } break;
 105   6                  case 0x01 : switch(buffer[2])
 106   6                        {
 107   7                          case 0x02 : break;
 108   7                          default : break;
 109   7                        }break;
 110   6                  default : break;
 111   6                }
 112   5                clearBuffer(&buffer[0]);
 113   5      
 114   5              }
C51 COMPILER V9.56.0.0   MAIN                                                              04/23/2018 22:30:41 PAGE 3   

 115   4      
 116   4      
 117   4            }
 118   3              
 119   3            if(isSecondChange)
 120   3            {
 121   4              displayColon(0x00);
 122   4            
 123   4              isSecondChange=0;
 124   4            }
 125   3      
 126   3            if(TickCount==25) displayColon(0xff);
 127   3      
 128   3            if(isMinuteChange)
 129   3            {
 130   4              displayMinuteL(Minute%10);
 131   4              if((Minute/10)!=preMinuteH)
 132   4              { 
 133   5                preMinuteH=Minute/10;
 134   5                displayMinuteH(preMinuteH);
 135   5                
 136   5              }
 137   4              isMinuteChange=0;
 138   4      
 139   4            }
 140   3            if(isHourChange)
 141   3            {
 142   4              displayHoursL(Hour%10);
 143   4              if((Hour/10)!=preHourH) 
 144   4              {
 145   5                preHourH=Hour/10;
 146   5                displayHoursH(preHourH);
 147   5              }
 148   4              isHourChange=0;
 149   4            }
 150   3      
 151   3      
 152   3          
 153   3        //  getBatteryState();
 154   3        //  displayIcon_Battery(4,0xff);
 155   3          
 156   3        
 157   3          }
 158   2      /////////////////////////心率模式///////////////
 159   2          while(SMode==HeartRateMode)       
 160   2          {
 161   3            
 162   3            if(bDataComplete)
 163   3            {
 164   4      
 165   4              bDataComplete=0;
 166   4      
 167   4      
 168   4              if(CheckPack(buffer))
 169   4              {
 170   5      
 171   5      
 172   5                switch(buffer[0])
 173   5                {
 174   6                  case 0x00 : switch(buffer[2])
 175   6                          {
 176   7                            case 0x02:  //退出心率模式
C51 COMPILER V9.56.0.0   MAIN                                                              04/23/2018 22:30:41 PAGE 4   

 177   7                                  shutdown(); SMode=TimeMode;OLED_Clear(); 
 178   7                                  refreashDisplay();
 179   7      
 180   7                                  break;
 181   7                            case 0x03:  //获取MAX30100ID
 182   7                                  tmpCnt[0]=MAX30100_getPartID();
 183   7                                  tmpPack.type=0x01;tmpPack.cmd=0x03;tmpPack.cnt=tmpCnt;tmpPack.length=1;
 184   7                                  doPack(tmpPack,buffer);
 185   7                                  sendPack(buffer);
 186   7                                  break;
 187   7                            case 0x04:  //获取温度
 188   7                                  MAX30100_startTemperatureSampling();Delayms(500);     
 189   7                                  tmpCnt[0]=MAX30100_readRegister(ADDRESS_MAX30100_TEMP);
 190   7                                  tmpCnt[1]=MAX30100_readRegister(ADDRESS_MAX30100_TEMP+1);
 191   7                                  tmpPack.type=0x01;tmpPack.cmd=0x04;tmpPack.cnt=tmpCnt;tmpPack.length=2;
 192   7                                  doPack(tmpPack,buffer);
 193   7                                  sendPack(buffer);
 194   7                                  break;
 195   7                            default : break;
 196   7                          } break;
 197   6                  case 0x01 : switch(buffer[2])
 198   6                        {
 199   7                          case 0x02 : break;
 200   7                          default : break;
 201   7                        }break;
 202   6                  default : break;
 203   6                }
 204   5                clearBuffer(&buffer[0]);
 205   5      
 206   5              }
 207   4      
 208   4      
 209   4            }
 210   3          
 211   3      
 212   3            
 213   3          }
 214   2          while(SMode==StepMode)
 215   2          {
 216   3      
 217   3      
 218   3          }
 219   2      
 220   2      
 221   2        }
 222   1      
 223   1      
 224   1      }


MODULE INFORMATION:   STATIC OVERLAYABLE
   CODE SIZE        =    867    ----
   CONSTANT SIZE    =     16    ----
   XDATA SIZE       =      1    ----
   PDATA SIZE       =   ----    ----
   DATA SIZE        =   ----      13
   IDATA SIZE       =   ----    ----
   BIT SIZE         =   ----    ----
END OF MODULE INFORMATION.


C51 COMPILATION COMPLETE.  0 WARNING(S),  0 ERROR(S)
