C51 COMPILER V9.56.0.0   MAX30100                                                          04/08/2018 17:34:37 PAGE 1   


C51 COMPILER V9.56.0.0, COMPILATION OF MODULE MAX30100
OBJECT MODULE PLACED IN \\192.168.2.201\Users\zhongzuan\MAX30100.obj
COMPILER INVOKED BY: D:\Program Files (x86)\Keil_v5\C51\BIN\C51.EXE ..\Lib\src\MAX30100.c OPTIMIZE(8,SPEED) BROWSE INCDI
                    -R(..\Lib;..\Lib\inc;..\Lib\src;..\sourses) DEBUG OBJECTEXTEND PRINT(.\Listings\MAX30100.lst) TABS(2) OBJECT(\\192.168.2.
                    -201\Users\zhongzuan\MAX30100.obj)

line level    source

   1          #include "MAX30100.h"
   2          
   3          void MAX30100_writeRegister(unsigned char RAdd,unsigned char Data)
   4          {
   5   1      
   6   1          OBIIC_Start();
   7   1          OBIIC_SendData(ADDRESS_MAX30100);
   8   1          OBIIC_SendACK();
   9   1          OBIIC_SendData(RAdd);
  10   1          OBIIC_SendACK();
  11   1          OBIIC_SendData(Data);
  12   1          OBIIC_SendACK();
  13   1          OBIIC_Stop();
  14   1        
  15   1      
  16   1      }
  17          char MAX30100_readRegister(unsigned char RAdd)
  18          {
  19   1          char Data;
  20   1          OBIIC_Start();
  21   1          OBIIC_SendData(ADDRESS_MAX30100);
  22   1          OBIIC_SendACK();
  23   1          OBIIC_SendData(RAdd);
  24   1          OBIIC_SendACK();
  25   1          OBIIC_Start();
  26   1          OBIIC_SendData(ADDRESS_MAX30100+1);
  27   1          OBIIC_SendACK();
  28   1          Data=OBIIC_RecvData();
  29   1          OBIIC_SendNAK();
  30   1          OBIIC_Stop();
  31   1          return Data;
  32   1      
  33   1      }
  34          
  35          bit MAX30100_Init()
  36          {
  37   1          if(MAX30100_getPartID()!=0x11)
  38   1          {
  39   2              return 0;
  40   2          }
  41   1          return 1;
  42   1      }
  43          
  44          
  45          void MAX30100_restFifo()
  46          {
  47   1          MAX30100_writeRegister(ADDRESS_MAX30100_FIFIOEDPtr,0x00);
  48   1          MAX30100_writeRegister( ADDRESS_MAX30100_FIFOWRPtr,0);
  49   1          MAX30100_writeRegister(ADDRESS_MAX30100_FIFOData,0);
  50   1      }
  51          
  52          unsigned char MAX30100_getPartID()
  53          {
C51 COMPILER V9.56.0.0   MAX30100                                                          04/08/2018 17:34:37 PAGE 2   

  54   1          return MAX30100_readRegister(0xff);
  55   1      }
  56          
  57          
  58          void MAX30100_startTemperatureSampling()
  59          {
  60   1          MAX30100_writeRegister(ADDRESS_MAX30100_MODECFG,0x08);
  61   1      }
  62          
  63          float MAX30100_getTemperature()
  64          {
  65   1          unsigned char integer=MAX30100_readRegister(ADDRESS_MAX30100_TEMP);
  66   1          float frac=MAX30100_readRegister(ADDRESS_MAX30100_TEMP+1);
  67   1          return frac*0.0625+integer;
  68   1      }
  69          
  70          
  71          void MAX30100_readMultiByte(unsigned char address,unsigned char* buffer,unsigned char length)
  72          {
  73   1          unsigned char* p=buffer;
  74   1          OBIIC_Start();
  75   1          OBIIC_SendData(ADDRESS_MAX30100);
  76   1          OBIIC_SendACK();
  77   1          OBIIC_SendData(address);
  78   1          OBIIC_SendACK();
  79   1          OBIIC_Start();
  80   1          OBIIC_SendData(ADDRESS_MAX30100+1);
  81   1          OBIIC_SendACK();
  82   1          length--;
  83   1          *p=OBIIC_RecvData();
  84   1          p++;
  85   1          while(length--)
  86   1          {
  87   2              OBIIC_SendACK();
  88   2              *p=OBIIC_RecvData();
  89   2              p++;
  90   2          }
  91   1          OBIIC_SendNAK();
  92   1          OBIIC_Stop();
  93   1      
  94   1      
  95   1      }
  96          
  97          void MAX30100_enSPO2()
  98          {
  99   1          MAX30100_writeRegister(ADDRESS_MAX30100_SPO2CFG,0x5f);
 100   1      }


MODULE INFORMATION:   STATIC OVERLAYABLE
   CODE SIZE        =    833    ----
   CONSTANT SIZE    =   ----    ----
   XDATA SIZE       =   ----    ----
   PDATA SIZE       =   ----    ----
   DATA SIZE        =   ----      13
   IDATA SIZE       =   ----    ----
   BIT SIZE         =   ----    ----
END OF MODULE INFORMATION.


C51 COMPILATION COMPLETE.  0 WARNING(S),  0 ERROR(S)
